t1:
[{ path = "Dune__exe__T1"; name = "bar"; params = [];
   decl =
   (Alias
      (Tuple
         [(Cstor ("foo", []));
           (Cstor ("option", [(Cstor ("list", [(Cstor ("int", []))]))]))]))
   }]
[{ path = "Dune__exe__T1"; name = "foo"; params = [];
   decl = (Alias (Cstor ("int", []))) }]
[{ path = "Dune__exe__T1"; name = "t"; params = [];
   decl =
   (Alias
      (Cstor ("array",
         [(Cstor ("list", [(Cstor ("option", [(Cstor ("float", []))]))]))])))
   }]
