start with myx2:
{ a = (A 42);
  b =
  [|[[]; [C {x = (Some 3); z = [(true, 'a'); (false, 'c')]}]];
    [[B; B; B]; [C {x = (Some 3); z = [(true, 'a'); (false, 'c')]}];
      [C {x = (Some 3); z = [(true, 'a'); (false, 'c')]};
        (D (C {x = (Some 3); z = [(true, 'a'); (false, 'c')]},
           C {x = (Some 3); z = [(true, 'a'); (false, 'c')]}))
        ]
      ]
    |];
  c = None }
serialized to
00000000: 6062 011f 5262 001f 5462 f8f5 1361 f1c2  `b..Rb..Tb...a..
00000001: 02f3 f861 f462 ff06 f4a1 63f1 f2f3 61ff  ...a.b....c...a.
00000002: 00c3 02ff 04ff 0662 ff09 f863 ff02 ff00  .......b...c....
00000003: f862 ff0d f8b0 1f1b 63f3 f802 03         .b......c....

len: 61
len with marshal: 118
dump:
Array(3) [
 C_0(42),
 Array(2) [
   Array(2) [
     [],
     Array(1) [
       C_2([3],[[true,97],[false,99]]) ] ],
   Array(3) [
     Array(3) [
       C_1,
       C_1,
       C_1 ],
     Array(1) [
       C_2([3],[[true,97],[false,99]]) ],
     Array(2) [
       C_2([3],[[true,97],[false,99]]),
       C_3(C_2([3],[[true,97],[false,99]]),C_2([3],[[true,97],[false,99]])) ] ] ],
 null ]
myx2 after roundtrip:
{ a = (A 42);
  b =
  [|[[]; [C {x = (Some 3); z = [(true, 'a'); (false, 'c')]}]];
    [[B; B; B]; [C {x = (Some 3); z = [(true, 'a'); (false, 'c')]}];
      [C {x = (Some 3); z = [(true, 'a'); (false, 'c')]};
        (D (C {x = (Some 3); z = [(true, 'a'); (false, 'c')]},
           C {x = (Some 3); z = [(true, 'a'); (false, 'c')]}))
        ]
      ]
    |];
  c = None }
len: 83
len(big) with marshal: 258
deser(myx2_big):
{ a = B;
  b =
  [|[[];
      [C {x = (Some 3); z = [(true, 'a'); (false, 'c')]};
        C {x = (Some 3); z = [(true, 'a'); (false, 'c')]}]
      ]
    |];
  c =
  (Some [{ a = (A 42);
           b =
           [|[[]; [C {x = (Some 3); z = [(true, 'a'); (false, 'c')]}]];
             [[B; B; B]; [C {x = (Some 3); z = [(true, 'a'); (false, 'c')]}];
               [C {x = (Some 3); z = [(true, 'a'); (false, 'c')]};
                 (D (C {x = (Some 3); z = [(true, 'a'); (false, 'c')]},
                    C {x = (Some 3); z = [(true, 'a'); (false, 'c')]}))
                 ]
               ]
             |];
           c = None };
          { a = (A 42);
            b =
            [|[[]; [C {x = (Some 3); z = [(true, 'a'); (false, 'c')]}]];
              [[B; B; B];
                [C {x = (Some 3); z = [(true, 'a'); (false, 'c')]}];
                [C {x = (Some 3); z = [(true, 'a'); (false, 'c')]};
                  (D (C {x = (Some 3); z = [(true, 'a'); (false, 'c')]},
                     C {x = (Some 3); z = [(true, 'a'); (false, 'c')]}))
                  ]
                ]
              |];
            c = None }
          ])
  }
myx2_big hex is:
00000000: 6062 011f 5262 001f 5462 f8f5 1361 f1c2  `b..Rb..Tb...a..
00000001: 02f3 f861 f462 ff06 f4a1 63f1 f2f3 61ff  ...a.b....c...a.
00000002: 00c3 02ff 04ff 0662 ff09 f863 ff02 ff00  .......b...c....
00000003: f862 ff0d f8b0 1f1b 63f3 f802 62f4 f561  .b......c...b..a
00000004: f360 62ff 24ff 2662 f6f6 61f3 63ff 24f4  .`b.$.&b..a.c.$.
00000005: ff01 05                                  ...

