start with myx2:
{ a = (A 42);
  b =
  [|[[]; [C {x = (Some 3); z = [(true, 'a'); (false, 'c')]}]];
    [[B; B; B]; [C {x = (Some 3); z = [(true, 'a'); (false, 'c')]}];
      [C {x = (Some 3); z = [(true, 'a'); (false, 'c')]};
        (D (C {x = (Some 3); z = [(true, 'a'); (false, 'c')]},
           C {x = (Some 3); z = [(true, 'a'); (false, 'c')]}))
        ]
      ]
    |];
  c = None }
serialized to
00000000: 6062 011f 5262 001f 5462 f8f5 6113 c202  `b..Rb..Tb..a...
00000001: f3f7 61f4 62ff 05f4 63a1 a1a1 61fe c302  ..a.b...c...a...
00000002: ff02 ff04 62ff 07f8 63ff 01fe f762 ff0a  ....b...c....b..
00000003: f7b0 1f1b 63f3 f802 03                   ....c....

len: 57
len with marshal: 118
dump:
[0x0]: []
[0x1]: [true, 97] (len=2)
[0x5]: [false, 99] (len=2)
[0x9]: [@0x1, @0x5] (len=2)
[0xc]: [3] (len=1)
[0xe]: C_2(@0xc,@0x9)
[0x12]: [@0xe] (len=1)
[0x14]: [@0x0, @0x12] (len=2)
[0x18]: [C_1, C_1, C_1] (len=3)
[0x1c]: [@0xe] (len=1)
[0x1e]: C_3(@0xe,@0xe)
[0x24]: [@0xe, @0x1e] (len=2)
[0x28]: [@0x18, @0x1c, @0x24] (len=3)
[0x2d]: [@0x14, @0x28] (len=2)
[0x31]: C_0(42)
[0x34]: [@0x31, @0x2d, null] (len=3)

myx2 after roundtrip:
{ a = (A 42);
  b =
  [|[[]; [C {x = (Some 3); z = [(true, 'a'); (false, 'c')]}]];
    [[B; B; B]; [C {x = (Some 3); z = [(true, 'a'); (false, 'c')]}];
      [C {x = (Some 3); z = [(true, 'a'); (false, 'c')]};
        (D (C {x = (Some 3); z = [(true, 'a'); (false, 'c')]},
           C {x = (Some 3); z = [(true, 'a'); (false, 'c')]}))
        ]
      ]
    |];
  c = None }
len: 78
len(big) with marshal: 258
deser(myx2_big):
{ a = B;
  b =
  [|[[];
      [C {x = (Some 3); z = [(true, 'a'); (false, 'c')]};
        C {x = (Some 3); z = [(true, 'a'); (false, 'c')]}]
      ]
    |];
  c =
  (Some [{ a = (A 42);
           b =
           [|[[]; [C {x = (Some 3); z = [(true, 'a'); (false, 'c')]}]];
             [[B; B; B]; [C {x = (Some 3); z = [(true, 'a'); (false, 'c')]}];
               [C {x = (Some 3); z = [(true, 'a'); (false, 'c')]};
                 (D (C {x = (Some 3); z = [(true, 'a'); (false, 'c')]},
                    C {x = (Some 3); z = [(true, 'a'); (false, 'c')]}))
                 ]
               ]
             |];
           c = None };
          { a = (A 42);
            b =
            [|[[]; [C {x = (Some 3); z = [(true, 'a'); (false, 'c')]}]];
              [[B; B; B];
                [C {x = (Some 3); z = [(true, 'a'); (false, 'c')]}];
                [C {x = (Some 3); z = [(true, 'a'); (false, 'c')]};
                  (D (C {x = (Some 3); z = [(true, 'a'); (false, 'c')]},
                     C {x = (Some 3); z = [(true, 'a'); (false, 'c')]}))
                  ]
                ]
              |];
            c = None }
          ])
  }
myx2_big hex is:
00000000: 6062 011f 5262 001f 5462 f8f5 6113 c202  `b..Rb..Tb..a...
00000001: f3f7 61f4 62ff 05f4 63a1 a1a1 61fe c302  ..a.b...c...a...
00000002: ff02 ff04 62ff 07f8 63ff 01fe f762 ff0a  ....b...c....b..
00000003: f7b0 1f1b 63f3 f802 62f4 f561 f360 62ff  ....c...b..a.`b.
00000004: 21ff 2362 f6f6 61f3 63a1 f3ff 0004       !.#b..a.c.....

