without hashcons
myt1: { T3.M1.foos =
        [{ T3.M1.x = 0; y = false }; { T3.M1.x = 0; y = false };
          { T3.M1.x = 2; y = true }; { T3.M1.x = 0; y = false };
          { T3.M1.x = 2; y = true }]
        }
pack1:
00000000: 6210 0062 1000 6212 0162 1000 6212 0165  b..b..b..b..b..e
00000001: ff00 fefc faf8 61f7 01                   ......a..

dump(t1):
[0x0]: [0, false] (len=2)
[0x3]: [0, false] (len=2)
[0x6]: [2, true] (len=2)
[0x9]: [0, false] (len=2)
[0xc]: [2, true] (len=2)
[0xf]: [@0x0, @0x3, @0x6, @0x9, @0xc] (len=5)
[0x16]: [@0xf] (len=1)

len1: 25
with caching
myt1': { T3.M2.foos =
         [{ T3.M2.x = 0; y = false }; { T3.M2.x = 0; y = false };
           { T3.M2.x = 2; y = true }; { T3.M2.x = 0; y = false };
           { T3.M2.x = 2; y = true }]
         }
pack1:
00000000: 6210 0062 1201 65f6 f7f5 f9f7 61f6 01    b..b..e.....a..

dump(t1'):
[0x0]: [0, false] (len=2)
[0x3]: [2, true] (len=2)
[0x6]: [@0x0, @0x0, @0x3, @0x0, @0x3] (len=5)
[0xc]: [@0x6] (len=1)

len1: 15
